// Jest Snapshot v1, https://goo.gl/fbAQLP

exports[`NPM Package synthesizes 1`] = `
"# ~~ Generated by projen. To modify, edit .projenrc.ts and run "npx projen".

version: 2.1
orbs: {}
jobs:
  build:
    resource_class: small
    docker:
      - image: cimg/node:lts
    steps:
      - checkout
      - run:
          name: Install dependencies
          command: yarn install --check-files
      - run:
          name: build
          command: npx projen build
      - run:
          name: Find mutations
          command: |-
            git add .
            git diff --staged --patch --exit-code > .repo.patch || echo "export SELF_MUTATION_HAPPENED=true" >> $BASH_ENV
workflows:
  build:
    jobs:
      - build
"
`;
